// Jest Snapshot v1, https://goo.gl/fbAQLP

exports[`PokemonAttacks.vue matches snapshot 1`] = `
<div fast="[object Object]" special="[object Object]">
  <h2>No attacks</h2>
</div>
`;
